npm timing npm:load:whichnode Completed in 0ms
npm timing npm:load:configload Completed in 9ms
npm timing config:load:flatten Completed in 2ms
npm timing npm:load:mkdirpcache Completed in 1ms
npm timing npm:load:mkdirplogs Completed in 0ms
npm timing npm:load:setTitle Completed in 1ms
npm timing npm:load Completed in 27ms
npm timing command:exec Completed in 52076ms
npm timing npm Completed in 52289ms
